// Jest Snapshot v1, https://goo.gl/fbAQLP

exports[`работа стрелки "Вправа" 1`] = `
<div
  className="sectionBanners"
  onMouseEnter={[Function]}
  onMouseLeave={[Function]}
>
  <div
    className="bannerOne"
    style={
      Object {
        "opacity": "1",
      }
    }
  >
    <img
      alt=""
      src="imagesInfo/wish.jpg"
    />
  </div>
  <div
    className="banner"
    style={
      Object {
        "opacity": "0",
      }
    }
  >
    <img
      alt=""
      src="imagesInfo/sale.jpg"
    />
  </div>
  <div
    className="banner"
    style={
      Object {
        "opacity": "0",
      }
    }
  >
    <img
      alt=""
      src="imagesInfo/sale8m.jpg"
    />
  </div>
  <div
    className="arrowHidden"
  >
    <div
      className="arrow arrowLeft"
      onClick={[Function]}
    >
       
      <svg
        aria-hidden="true"
        className="svg-inline--fa fa-angle-left fa-w-8 "
        data-icon="angle-left"
        data-prefix="fas"
        focusable="false"
        role="img"
        style={Object {}}
        viewBox="0 0 256 512"
        xmlns="http://www.w3.org/2000/svg"
      >
        <path
          d="M31.7 239l136-136c9.4-9.4 24.6-9.4 33.9 0l22.6 22.6c9.4 9.4 9.4 24.6 0 33.9L127.9 256l96.4 96.4c9.4 9.4 9.4 24.6 0 33.9L201.7 409c-9.4 9.4-24.6 9.4-33.9 0l-136-136c-9.5-9.4-9.5-24.6-.1-34z"
          fill="currentColor"
          style={Object {}}
        />
      </svg>
       
    </div>
    <div
      className="arrow arrowRight"
      onClick={[Function]}
    >
       
      <svg
        aria-hidden="true"
        className="svg-inline--fa fa-angle-right fa-w-8 "
        data-icon="angle-right"
        data-prefix="fas"
        focusable="false"
        role="img"
        style={Object {}}
        viewBox="0 0 256 512"
        xmlns="http://www.w3.org/2000/svg"
      >
        <path
          d="M224.3 273l-136 136c-9.4 9.4-24.6 9.4-33.9 0l-22.6-22.6c-9.4-9.4-9.4-24.6 0-33.9l96.4-96.4-96.4-96.4c-9.4-9.4-9.4-24.6 0-33.9L54.3 103c9.4-9.4 24.6-9.4 33.9 0l136 136c9.5 9.4 9.5 24.6.1 34z"
          fill="currentColor"
          style={Object {}}
        />
      </svg>
       
    </div>
  </div>
</div>
`;

exports[`работа стрелки "Вправа" 2`] = `
<div
  className="sectionBanners"
  onMouseEnter={[Function]}
  onMouseLeave={[Function]}
>
  <div
    className="bannerOne"
    style={
      Object {
        "opacity": "0",
      }
    }
  >
    <img
      alt=""
      src="imagesInfo/wish.jpg"
    />
  </div>
  <div
    className="banner"
    style={
      Object {
        "opacity": "1",
      }
    }
  >
    <img
      alt=""
      src="imagesInfo/sale.jpg"
    />
  </div>
  <div
    className="banner"
    style={
      Object {
        "opacity": "0",
      }
    }
  >
    <img
      alt=""
      src="imagesInfo/sale8m.jpg"
    />
  </div>
  <div
    className="arrowHidden"
  >
    <div
      className="arrow arrowLeft"
      onClick={[Function]}
    >
       
      <svg
        aria-hidden="true"
        className="svg-inline--fa fa-angle-left fa-w-8 "
        data-icon="angle-left"
        data-prefix="fas"
        focusable="false"
        role="img"
        style={Object {}}
        viewBox="0 0 256 512"
        xmlns="http://www.w3.org/2000/svg"
      >
        <path
          d="M31.7 239l136-136c9.4-9.4 24.6-9.4 33.9 0l22.6 22.6c9.4 9.4 9.4 24.6 0 33.9L127.9 256l96.4 96.4c9.4 9.4 9.4 24.6 0 33.9L201.7 409c-9.4 9.4-24.6 9.4-33.9 0l-136-136c-9.5-9.4-9.5-24.6-.1-34z"
          fill="currentColor"
          style={Object {}}
        />
      </svg>
       
    </div>
    <div
      className="arrow arrowRight"
      onClick={[Function]}
    >
       
      <svg
        aria-hidden="true"
        className="svg-inline--fa fa-angle-right fa-w-8 "
        data-icon="angle-right"
        data-prefix="fas"
        focusable="false"
        role="img"
        style={Object {}}
        viewBox="0 0 256 512"
        xmlns="http://www.w3.org/2000/svg"
      >
        <path
          d="M224.3 273l-136 136c-9.4 9.4-24.6 9.4-33.9 0l-22.6-22.6c-9.4-9.4-9.4-24.6 0-33.9l96.4-96.4-96.4-96.4c-9.4-9.4-9.4-24.6 0-33.9L54.3 103c9.4-9.4 24.6-9.4 33.9 0l136 136c9.5 9.4 9.5 24.6.1 34z"
          fill="currentColor"
          style={Object {}}
        />
      </svg>
       
    </div>
  </div>
</div>
`;
